ldarg.1
ldarg.2
newobj     instance void ['ghul-runtime']Ghul.INT_RANGE::.ctor(int32,
stloc.0
ldloca.s   V_0
call       instance int32 ['ghul-runtime']Ghul.INT_RANGE::$get_to()
ldloca.s   V_0
call       instance int32 ['ghul-runtime']Ghul.INT_RANGE::$get_from()
sub
stloc.2
ldloc.2
ldc.i4.0
bge        IL_0021
ldc.i4.0
stloc.2
ldloc.2
newarr     int32
stloc.1
ldc.i4.0
stloc.3
ldsfld     class [System.Runtime]System.Func`2<int32,int32> Test.FUSION::$anon_0$cache
stloc.s    V_5
ldloc.s    V_5
brtrue     IL_0059
newobj     instance void Test.$frame_0::.ctor()
stloc.s    V_6
ldloc.s    V_6
ldftn      instance int32 Test.$frame_0::$anon_0(int32)
newobj     instance void class [System.Runtime]System.Func`2<int32,int32>::.ctor(object,
stloc.s    V_7
ldloc.s    V_7
stloc.s    V_5
ldloc.s    V_5
stsfld     class [System.Runtime]System.Func`2<int32,int32> Test.FUSION::$anon_0$cache
ldloc.s    V_5
stloc.s    V_4
ldloc.0
stloc.s    V_8
ldloca.s   V_8
call       instance bool ['ghul-runtime']Ghul.INT_RANGE::MoveNext()
brfalse    IL_0092
ldloca.s   V_8
call       instance int32 ['ghul-runtime']Ghul.INT_RANGE::get_Current()
stloc.s    V_9
ldloc.s    V_4
ldloc.s    V_9
callvirt   instance !1 class [System.Runtime]System.Func`2<int32,int32>::Invoke(!0)
stloc.s    V_10
ldloc.1
ldloc.3
ldloc.s    V_10
stelem     int32
ldloc.3
ldc.i4.1
add
stloc.3
br         IL_0060
ldloc.1
ret
