test.ghul(10,27,10,34): warning deprecated: doubled is deprecated: use scaled instead [deprecated-across-assemblies.ghulproj]
test.ghul(7,34,7,38): warning deprecated: plus is deprecated: use Add instead [deprecated-across-assemblies.ghulproj]
test.ghul(9,28,9,36): warning deprecated: OldThing is deprecated [deprecated-across-assemblies.ghulproj]
