test.ghul: 19,24..19,45: warn: [undisposed-source] read_lines is not disposed if this read stops early
test.ghul: 36,13..36,34: warn: [undisposed-source] read_lines is not disposed if this read stops early
test.ghul: 37,19..37,49: warn: [undisposed-source] enumerate_files is not disposed if this read stops early
test.ghul: 38,13..38,34: warn: [undisposed-source] read_lines is not disposed if this read stops early
test.ghul: 39,13..39,34: warn: [undisposed-source] read_lines is not disposed if this read stops early
test.ghul: 40,13..40,49: warn: [undisposed-source] enumerate_directories is not disposed if this read stops early
test.ghul: 41,13..41,57: warn: [undisposed-source] enumerate_file_system_entries is not disposed if this read stops early
test.ghul: 7,17..7,38: warn: [undisposed-source] read_lines is not disposed if this read stops early
