test.ghul: 8,35..8,36: error: in secondary expression: expected ) but found { 
test.ghul: 8,35..8,36: error: syntax error: expected ; but found { 
test.ghul: 8,37..8,38: error: expected for in comprehension
test.ghul: 8,38..8,50: error: syntax error: expected ; but found string literal ) |> join(
test.ghul: 8,50..8,51: error: syntax error: expected si but found , 
