(module
  (func $entry (type 19) (local $width.0 i32) (local $area.1 i32)
    ;; test.ghul:7
    i32.const 3
    local.set $width.0
    ;; test.ghul:8
    local.get $width.0
    local.get $width.0
    call $Library.twice
    i32.mul
    local.set $area.1
    ;; test.ghul:10
    local.get $area.1
    i32.const 1
    i32.add
    return
    i32.const 0
    return
  )
  ;; 3 more functions not shown
)
