test.ghul: 4,5..4,9: error: code generation for a result of type (int, int) is not supported on the wasm target
test.ghul: 4,5..4,9: error: code generation for a tuple is not supported on the wasm target
test.ghul: 4,5..4,9: error: code generation for the default value of (int, int) is not supported on the wasm target
