test.ghul: 4,5..4,13: error: code generation for a result of type string is not supported on the wasm target
test.ghul: 4,5..4,13: error: code generation for a string literal is not supported on the wasm target
test.ghul: 4,5..4,13: error: code generation for the default value of string is not supported on the wasm target
