let use in a block as an initializer:
  open init
  dispose init
  got 4
let use in a block as an argument:
  open arg
  dispose arg
  got 4
let use in a block stored to a field:
  open field
  dispose field
  got 5
  open index
  dispose index
  got 5
use inside a block:
  open inner
  got 6
  dispose inner
a block whose value is a use:
  before
  open tail
  dispose tail
  got tail, already disposed
  open early
  dispose early
  open early
  dispose early
early return: 100 then 5
generator:
  open generator
  dispose generator
  yielded 9
  open arm
  dispose arm
  yielded 3
  open async
  dispose async
async: 5
