test.ghul: 10,13..10,20: error: references not supported on the wasm target
test.ghul: 10,25..10,32: error: references not supported on the wasm target
test.ghul: 17,14..17,19: error: references not supported on the wasm target
test.ghul: 17,21..17,26: error: references not supported on the wasm target
test.ghul: 8,13..8,20: error: pointer types not supported on the wasm target
