double(n): 7 matches cast: true
int(x): 2 matches cast: true
int(-x): -2
long(n): 7
int(big) wraps as cast does: 705032704 705032704
ubyte(300): 44 44
byte(200): -56 -56
char(65): A
int('A'): 65
single(x): 2.75
decimal(n): 7 decimal(x): 2.75
bigint(big): 5000000000 bigint(n): 7
uint(-1): 4294967295 4294967295
word(n): 7
double(decimal): 1.5
int(bigint): 12345
from the expected type: 7
indexed element: 3
