ldarg.1
stloc.0
ldloc.0
callvirt   instance int32 class [System.Collections]System.Collections.Generic.List`1<int32>::get_Count()
newobj     instance void class [System.Collections]System.Collections.Generic.List`1<int32>::.ctor(int32)
stloc.1
ldsfld     class [System.Runtime]System.Func`2<int32,int32> Test.FUSION::$anon_0$cache
stloc.3
ldloc.3
brtrue     IL_0039
newobj     instance void Test.$frame_0::.ctor()
stloc.s    V_4
ldloc.s    V_4
ldftn      instance int32 Test.$frame_0::$anon_0(int32)
newobj     instance void class [System.Runtime]System.Func`2<int32,int32>::.ctor(object,
stloc.s    V_5
ldloc.s    V_5
stloc.3
ldloc.3
stsfld     class [System.Runtime]System.Func`2<int32,int32> Test.FUSION::$anon_0$cache
ldloc.3
stloc.2
ldloc.0
callvirt   instance valuetype [System.Collections]System.Collections.Generic.List`1/Enumerator<!0> class [System.Collections]System.Collections.Generic.List`1<int32>::GetEnumerator()
stloc.s    V_6
ldloca.s   V_6
call       instance bool valuetype [System.Collections]System.Collections.Generic.List`1/Enumerator<int32>::MoveNext()
brfalse    IL_006f
ldloca.s   V_6
call       instance !0 valuetype [System.Collections]System.Collections.Generic.List`1/Enumerator<int32>::get_Current()
stloc.s    V_7
ldloc.2
ldloc.s    V_7
callvirt   instance !1 class [System.Runtime]System.Func`2<int32,int32>::Invoke(!0)
stloc.s    V_8
ldloc.1
ldloc.s    V_8
callvirt   instance void class [System.Collections]System.Collections.Generic.List`1<int32>::Add(!0)
br         IL_0043
ldloc.1
ret
