test.ghul: 10,10..10,11: error: in primary expression: expected (, [, [], assert, case, cast, char literal, do, false, float literal, for, identifier, if, int literal, isa, let, new, null, rec, self, string literal, super, true, typeof, val, while or { but found ) 
test.ghul: 10,10..10,11: error: syntax error: expected ; but found ) 
test.ghul: 5,23..5,24: error: no static overload found for g(int)
test.ghul: 5,25..5,26: error: in secondary expression: expected ) but found int literal 2
test.ghul: 6,24..6,25: error: symbol not found: p
test.ghul: 6,27..6,28: error: symbol not found: q
test.ghul: 6,30..6,31: error: in secondary expression: expected ) but found identifier p
test.ghul: 7,17..7,18: error: syntax error: expected ] but found int literal 2
test.ghul: 8,16..8,17: error: in tuple: expected ) but found int literal 2
test.ghul: 9,23..9,24: error: no static overload found for g(int)
test.ghul: 9,25..9,26: error: in secondary expression: expected ) but found int literal 2
test.ghul: 9,25..9,26: error: syntax error: expected ; but found int literal 2
test.ghul: 9,26..9,27: error: syntax error: unexpected , 
