ldloc.2
neg
conv.i2
stloc.1
ldloc.2
ldloc.3
add
conv.i2
stloc.1
ldloc.2
ldloc.3
sub
conv.i2
stloc.1
ldloc.2
ldloc.3
mul
conv.i2
stloc.1
ldloc.2
ldloc.3
div
conv.i2
stloc.1
ldloc.2
ldloc.3
clt
stloc.0
ldloc.2
ldloc.3
cgt
ldc.i4.0
ceq
stloc.0
ldloc.2
ldloc.3
cgt
stloc.0
ldloc.2
ldloc.3
clt
ldc.i4.0
ceq
stloc.0
ldloc.2
ldloc.3
ceq
stloc.0
ldloc.2
ldloc.3
ceq
ldc.i4.0
ceq
stloc.0
ldloc.2
not
conv.i2
stloc.1
ldloc.2
ldloc.s    V_4
shl
conv.i2
stloc.1
ldloc.2
ldloc.s    V_4
shr
conv.i2
stloc.1
ldloc.2
ldloc.3
and
conv.i2
stloc.1
ldloc.2
ldloc.3
or
conv.i2
stloc.1
