ldloc.0
stloc.3
ldloc.3
brtrue     IL_000a
ldloc.0
stloc.3
ldloc.3
stloc.2
ldloc.0
stloc.s    V_4
ldloc.s    V_4
brtrue     IL_0019
ldloc.1
stloc.s    V_4
ldloc.s    V_4
stloc.2
ldloc.1
stloc.s    V_5
ldloc.s    V_5
brtrue     IL_0029
ldloc.0
stloc.s    V_5
ldloc.s    V_5
stloc.2
ldloc.1
stloc.s    V_6
ldloc.s    V_6
brtrue     IL_0039
ldloc.1
stloc.s    V_6
ldloc.s    V_6
stloc.2
ldloc.0
stloc.s    V_7
ldloc.s    V_7
brfalse    IL_0049
ldloc.0
stloc.s    V_7
ldloc.s    V_7
stloc.2
ldloc.0
stloc.s    V_8
ldloc.s    V_8
brfalse    IL_0059
ldloc.1
stloc.s    V_8
ldloc.s    V_8
stloc.2
ldloc.1
stloc.s    V_9
ldloc.s    V_9
brfalse    IL_0069
ldloc.0
stloc.s    V_9
ldloc.s    V_9
stloc.2
ldloc.1
stloc.s    V_10
ldloc.s    V_10
brfalse    IL_0079
ldloc.1
stloc.s    V_10
ldloc.s    V_10
stloc.2
