test.ghul: 10,5..10,10: error: code generation for the numeric format yyyy-MM-dd for int is not supported on the wasm target
test.ghul: 12,5..12,8: error: code generation for the numeric format X4 for double is not supported on the wasm target
test.ghul: 14,5..14,10: error: code generation for an interpolated enum with a format is not supported on the wasm target
