test.ghul: 15,25..15,26: error: member l not found in (i: int, j: int, k: int)
test.ghul: 49,20..49,21: error: int is not assignable to string
test.ghul: 49,23..49,24: error: int is not assignable to string
test.ghul: 49,26..49,27: error: int is not assignable to string
test.ghul: 52,20..52,27: error: int is not assignable to string
test.ghul: 52,29..52,36: error: int is not assignable to string
test.ghul: 52,38..52,45: error: int is not assignable to string
test.ghul: 63,25..63,26: error: member d not found in (a: (a1: int, a2: int), b: (b1: string, b2: string), c: (c1: char, c2: char))
test.ghul: 66,27..66,28: error: member d not found in (a1: int, a2: int)
test.ghul: 69,13..69,29: error: string is not assignable to int
test.ghul: 78,104..78,105: error: cannot return value of type TA where TC expected
test.ghul: 78,98..78,99: error: cannot return value of type TC where TA expected
