(module
  (type (;0;) (func (param i32) (result i32)))
  (type (;1;) (func (param i32 i32) (result i32)))
  (type (;2;) (func (param f64) (result i32)))
  (type (;3;) (func (param i32) (result i64)))
  (type (;4;) (func (param i64) (result i32)))
  (type (;5;) (func (param f64) (result f32)))
  (func $Test.to_byte (type 0)
    local.get 0
    i32.extend8_s
    i32.extend8_s
    return
    i32.const 0
    i32.extend8_s
    return
  )
  (func $Test.to_char (type 0)
    local.get 0
    i32.const 65535
    i32.and
    i32.const 65535
    i32.and
    return
    i32.const 0
    i32.const 65535
    i32.and
    return
  )
  (func $Test.add_bytes (type 1)
    local.get 0
    local.get 1
    i32.add
    i32.extend8_s
    return
    i32.const 0
    i32.extend8_s
    return
  )
  (func $Test.to_int (type 2)
    local.get 0
    i32.trunc_sat_f64_s
    return
    i32.const 0
    return
  )
  (func $Test.widen (type 3)
    local.get 0
    i64.extend_i32_s
    return
    i64.const 0
    return
  )
  (func $Test.widen_unsigned (type 3)
    local.get 0
    i64.extend_i32_u
    return
    i64.const 0
    return
  )
  (func $Test.high_word (type 4)
    local.get 0
    i32.const 32
    i64.extend_i32_u
    i64.shr_s
    i32.wrap_i64
    return
    i32.const 0
    return
  )
  (func $Test.to_single (type 5)
    local.get 0
    f32.demote_f64
    return
    f32.const 0
    return
  )
)
