(module
  (rec
    (type (;0;) (struct (field i32) (field i32) (field (ref null 0)) (field (ref 3))))
    (type (;1;) (sub (struct (field (ref 0)))))
    (type (;2;) (sub final 1 (struct (field (ref 0)) (field (mut i32)) (field (ref 3)))))
    (type (;3;) (array (mut i16)))
  )
  (type (;4;) (func (param i32) (result i32)))
  (type (;5;) (func (param i32 i32) (result i32)))
  (type (;6;) (func (param f64) (result i32)))
  (type (;7;) (func (param i32) (result i64)))
  (type (;8;) (func (param i64) (result i32)))
  (type (;9;) (func (param f64) (result f32)))
  (global (;0;) (ref 0) (i32.const 0 i32.const 1 ref.null 0 i32.const 71 i32.const 104 i32.const 117 i32.const 108 i32.const 46 i32.const 73 i32.const 110 i32.const 116 i32.const 114 i32.const 105 i32.const 110 i32.const 115 i32.const 105 i32.const 99 i32.const 115 i32.const 46 i32.const 111 i32.const 98 i32.const 106 i32.const 101 i32.const 99 i32.const 116 array.new_fixed 3 22 struct.new 0))
  (global (;1;) (ref 0) (i32.const 1 i32.const 1 global.get 0 i32.const 71 i32.const 104 i32.const 117 i32.const 108 i32.const 46 i32.const 73 i32.const 110 i32.const 116 i32.const 114 i32.const 105 i32.const 110 i32.const 115 i32.const 105 i32.const 99 i32.const 115 i32.const 46 i32.const 115 i32.const 116 i32.const 114 i32.const 105 i32.const 110 i32.const 103 array.new_fixed 3 22 struct.new 0))
  (func $Test.to_byte (type 4)
    local.get 0
    i32.extend8_s
    i32.extend8_s
    return
    i32.const 0
    i32.extend8_s
    return
  )
  (func $Test.to_char (type 4)
    local.get 0
    i32.const 65535
    i32.and
    i32.const 65535
    i32.and
    return
    i32.const 0
    i32.const 65535
    i32.and
    return
  )
  (func $Test.add_bytes (type 5)
    local.get 0
    local.get 1
    i32.add
    i32.extend8_s
    return
    i32.const 0
    i32.extend8_s
    return
  )
  (func $Test.to_int (type 6)
    local.get 0
    i32.trunc_sat_f64_s
    return
    i32.const 0
    return
  )
  (func $Test.widen (type 7)
    local.get 0
    i64.extend_i32_s
    return
    i64.const 0
    return
  )
  (func $Test.widen_unsigned (type 7)
    local.get 0
    i64.extend_i32_u
    return
    i64.const 0
    return
  )
  (func $Test.high_word (type 8)
    local.get 0
    i32.const 32
    i64.extend_i32_u
    i64.shr_s
    i32.wrap_i64
    return
    i32.const 0
    return
  )
  (func $Test.to_single (type 9)
    local.get 0
    f32.demote_f64
    return
    f32.const 0
    return
  )
)
