test.ghul: 7,14..7,23: error: no overload found for init(string), tried int.init(value: bigint) -> void, int.init(value: byte) -> void, int.init(value: char) -> void, int.init(value: decimal) -> void, int.init(value: double) -> void, int.init(value: int) -> void, int.init(value: long) -> void, int.init(value: short) -> void, int.init(value: single) -> void, int.init(value: ubyte) -> void, int.init(value: uint) -> void, int.init(value: ulong) -> void, int.init(value: ushort) -> void, int.init(value: uword) -> void, int.init(value: word) -> void
test.ghul: 8,14..8,27: error: no overload found for init(object), tried double.init(value: bigint) -> void, double.init(value: byte) -> void, double.init(value: char) -> void, double.init(value: decimal) -> void, double.init(value: double) -> void, double.init(value: int) -> void, double.init(value: long) -> void, double.init(value: short) -> void, double.init(value: single) -> void, double.init(value: ubyte) -> void, double.init(value: uint) -> void, double.init(value: ulong) -> void, double.init(value: ushort) -> void, double.init(value: uword) -> void, double.init(value: word) -> void
test.ghul: 9,14..9,23: error: no overload found for init(bool), tried int.init(value: bigint) -> void, int.init(value: byte) -> void, int.init(value: char) -> void, int.init(value: decimal) -> void, int.init(value: double) -> void, int.init(value: int) -> void, int.init(value: long) -> void, int.init(value: short) -> void, int.init(value: single) -> void, int.init(value: ubyte) -> void, int.init(value: uint) -> void, int.init(value: ulong) -> void, int.init(value: ushort) -> void, int.init(value: uword) -> void, int.init(value: word) -> void
