test.ghul: 10,46..10,52: error: no overload found for <>(int?, int), tried <>(a: byte, b: byte) -> int, <>(a: char, b: char) -> int, <>(a: decimal, b: decimal) -> int, <>(a: double, b: double) -> int, <>(a: int, b: int) -> int, <>(a: long, b: long) -> int, <>(a: short, b: short) -> int, <>(a: single, b: single) -> int, <>(a: ubyte, b: ubyte) -> int, <>(a: uint, b: uint) -> int, <>(a: ulong, b: ulong) -> int, <>(a: ushort, b: ushort) -> int, <>(a: uword, b: uword) -> int, <>(a: word, b: word) -> int
