test.ghul: 10,62..10,69: error: no overload found for <>(int, char), tried <>(a: byte, b: byte) -> int, <>(a: char, b: char) -> int, <>(a: decimal, b: decimal) -> int, <>(a: double, b: double) -> int, <>(a: int, b: int) -> int, <>(a: long, b: long) -> int, <>(a: short, b: short) -> int, <>(a: single, b: single) -> int, <>(a: ubyte, b: ubyte) -> int, <>(a: uint, b: uint) -> int, <>(a: ulong, b: ulong) -> int, <>(a: ushort, b: ushort) -> int, <>(a: uword, b: uword) -> int, <>(a: word, b: word) -> int
test.ghul: 15,59..15,72: error: no overload found for /(int, string), tried int./(a: int, b: int) -> int
test.ghul: 20,28..20,32: error: no overload found for filter(int{}, int{}), tried Test.filter(l: int{}, func: int -> bool) -> int{}, Test.filter[T](l: T{}, func: T -> bool) -> T{}
test.ghul: 23,49..23,52: error: no overload found for try_format(int)
