test.ghul: 18,9..18,10: error: an assignment cannot be a property
test.ghul: 2,9..2,10: error: an assignment cannot be a property
test.ghul: 22,9..22,10: error: an assignment cannot be a property
test.ghul: 25,9..25,21: error: cannot find type MISSING_TYPE to add members to
test.ghul: 26,5..26,6: error: symbol not found: x
test.ghul: 26,9..26,10: error: an assignment cannot be a property
test.ghul: 6,5..6,6: error: cannot infer type here
