test.ghul: 12,21..12,40: error: symbol not found: undefined_in_worker
test.ghul: 18,19..18,34: error: symbol not found: undefined_after
test.ghul: 3,13..3,14: error: syntax error in property: unexpected token ) 
test.ghul: 5,21..5,40: error: symbol not found: undefined_in_scaled
test.ghul: 9,22..9,24: error: syntax error: expected ) but found is
