test.ghul: 11,25..11,44: error: symbol not found: undefined_in_method
test.ghul: 15,23..15,45: error: symbol not found: undefined_after_method
test.ghul: 24,9..24,10: error: syntax error in property: unexpected token ) 
test.ghul: 26,25..26,45: error: symbol not found: undefined_in_partial
test.ghul: 31,8..31,14: error: syntax error in property: unexpected token identifier factor
test.ghul: 32,14..32,33: error: symbol not found: undefined_in_global
test.ghul: 32,5..32,11: error: symbol not found: factor
test.ghul: 34,26..34,48: error: symbol not found: undefined_after_global
test.ghul: 4,12..4,13: error: syntax error in property: unexpected token ) 
