ldloc.2
ldloc.3
add
conv.u1
stloc.1
ldloc.2
ldloc.3
sub
conv.u1
stloc.1
ldloc.2
ldloc.3
mul
conv.u1
stloc.1
ldloc.2
ldloc.3
div.un
conv.u1
stloc.1
ldloc.2
ldloc.3
clt.un
stloc.0
ldloc.2
ldloc.3
cgt.un
ldc.i4.0
ceq
stloc.0
ldloc.2
ldloc.3
cgt.un
stloc.0
ldloc.2
ldloc.3
clt.un
ldc.i4.0
ceq
stloc.0
ldloc.2
ldloc.3
ceq
stloc.0
ldloc.2
ldloc.3
ceq
ldc.i4.0
ceq
stloc.0
ldloc.2
not
conv.u1
stloc.1
ldloc.2
ldloc.s    V_4
shl
conv.u1
stloc.1
ldloc.2
ldloc.s    V_4
shr.un
conv.u1
stloc.1
ldloc.2
ldloc.3
and
conv.u1
stloc.1
ldloc.2
ldloc.3
or
conv.u1
stloc.1
