test.ghul: 17,2..17,45: error: only a class or a struct can carry StructLayout
test.ghul: 23,6..23,48: error: only an instance field can carry FieldOffset
test.ghul: 32,6..32,48: error: a field with a FieldOffset needs a type with explicit layout
test.ghul: 40,6..40,48: error: a field with a FieldOffset needs a type with explicit layout
test.ghul: 5,2..5,45: error: explicit layout needs a FieldOffset on property, unplaced
