partial: 3
full: 3
full: 2
full: 1
again: 3 2 1
two reads at once: 2 3
halving: 20 10 5 2 1
halving again: 20 10 5 2 1
fused: 50
fused: 30
fused: 10
fused take: 5
fused take: 4
fused take again: 5
fused take again: 4
count: 4
generic: x x x x
upto: 0
upto: 1
upto: 2
iterator after its end: false
comprehension: 1 4 9 1 4 9
