test.ghul: 4,7..4,11: error: code generation for a generic class that instantiates itself at ever deeper type arguments is not supported on the wasm target
test.ghul: 8,5..8,9: error: code generation for a constructor of class NODE[NODE[NODE[NODE[NODE[NODE[NODE[NODE[NODE[NODE[int]]]]]]]]]] is not supported on the wasm target
