ldarg.0
isinst     bool
stloc.1
ldloc.1
brfalse    IL_0018
ldloc.1
unbox.any  valuetype [System.Runtime]System.Nullable`1<bool>
br         IL_0019
ldloc.2
stloc.0
ldloca.s   V_0
call       instance bool valuetype [System.Runtime]System.Nullable`1<bool>::get_HasValue()
brfalse    IL_0035
ldloca.s   V_0
call       instance !0 valuetype [System.Runtime]System.Nullable`1<bool>::get_Value()
stloc.3
ldloc.3
ret
br         IL_0035
ldarg.0
isinst     int32
stloc.1
ldloc.1
brfalse    IL_0018
ldloc.1
unbox.any  valuetype [System.Runtime]System.Nullable`1<int32>
br         IL_0019
ldloc.2
stloc.0
ldarg.0
isinst     int32
ldnull
cgt.un
stloc.0
