in an argument:
  open abc
  sum 4
  after the call
  dispose abc
after an operand:
  open abcd
  total 14
  dispose abcd
in a for loop:
  element x
  element y
  after the loop
nested:
  open outer
  open inner
  using outer and inner
  dispose inner
  dispose outer
in a paren block:
  open paren
  dispose paren
  got 5
  open body
  dispose body
expression body: 4
in an if arm used as an argument:
  open arm
  dispose arm
  sum 4
  open hole
  dispose hole
  in a string 6
mut initialised from use:
  open first
  now second
  dispose first
let use:
  open sugar
  using sugar
  dispose sugar
statement forms:
  open guard
  open bare
  guarded
  dispose bare
  dispose guard
operand throws:
  caught no resource
generator:
  open generator
  yielded 9
  yielded 10
  dispose generator
  open async
  dispose async
async: 5
