.class private auto ansi beforefieldinit TestGenericGeneratorBridge.$StateMachine_twice_0<T>
       extends [System.Runtime]System.Object
       implements class [System.Runtime]System.Collections.Generic.IEnumerable`1<!T>,
                  class [System.Runtime]System.Collections.Generic.IEnumerator`1<!T>,
                  class [System.Runtime]System.Collections.Generic.IEnumerable`1<!T>
{
  .custom instance void [System.Runtime]System.Runtime.CompilerServices.CompilerGeneratedAttribute::.ctor() = ( 01 00 00 00 ) 
  .method private hidebysig newslot virtual final 
          instance class [System.Runtime]System.Collections.IEnumerator 
          System.Collections.IEnumerable.GetEnumerator() cil managed
  {
    .custom instance void [System.Runtime]System.Runtime.CompilerServices.CompilerGeneratedAttribute::.ctor() = ( 01 00 00 00 ) 
    .override [System.Runtime]System.Collections.IEnumerable::GetEnumerator
    // Code size       7 (0x7)
    .maxstack  8
    IL_0000:  ldarg.0
    IL_0001:  callvirt   instance class [System.Runtime]System.Collections.Generic.IEnumerator`1<!0> class TestGenericGeneratorBridge.$StateMachine_twice_0<!T>::GetEnumerator()
    IL_0006:  ret
  } // end of method $StateMachine_twice_0::System.Collections.IEnumerable.GetEnumerator

} // end of class TestGenericGeneratorBridge.$StateMachine_twice_0

// *********** DISASSEMBLY COMPLETE ***********************
