test.ghul: 29,22..29,28: warn: [deprecated] double is deprecated: use twice instead
test.ghul: 31,19..31,22: warn: [deprecated] OLD is deprecated
test.ghul: 32,24..32,27: warn: [deprecated] OLD is deprecated
test.ghul: 34,28..34,33: warn: [deprecated] count is deprecated: read size instead
test.ghul: 39,45..39,51: warn: [deprecated] create is deprecated: WebRequest, HttpWebRequest, ServicePoint, and WebClient are obsolete. Use HttpClient instead.
