test.ghul: 12,20..12,21: error: cannot infer the type of p
test.ghul: 6,27..6,50: error: cannot infer type here
test.ghul: 6,39..6,46: error: symbol not found: no_such
test.ghul: 8,18..8,22: error: cannot infer the type of pick
test.ghul: 9,13..9,19: error: cannot infer the type of picked [picked is needed here]
test.ghul: 9,31..9,43: error: cannot infer type here
