.class public abstract auto ansi sealed Test.$globals
       extends [System.Runtime]System.Object
{
  .custom instance void ['ghul-runtime']Ghul.Internal.GLOBALS_ATTRIBUTE::.ctor() = ( 01 00 00 00 ) 
  .custom instance void [System.Runtime]System.Runtime.CompilerServices.CompilerGeneratedAttribute::.ctor() = ( 01 00 00 00 ) 
  .method public hidebysig static void  marker(int32 'value') cil managed
  {
    .custom instance void ['ghul-runtime']Ghul.Internal.INTRINSIC_ATTRIBUTE::.ctor(string) = ( 01 00 0E 74 65 73 74 2E 6F 70 65 72 61 74 69 6F   // ...test.operatio
                                                                                               6E 00 00 )                                        // n..
    // Code size       1 (0x1)
    .maxstack  8
    IL_0000:  ret
  } // end of method $globals::marker

} // end of class Test.$globals
