test.ghul: 10,13..10,58: error: Ghul.StringSplitOptions is not assignable to int
test.ghul: 11,13..11,62: error: Ghul.StringComparison is not assignable to int
test.ghul: 12,13..12,70: error: Collections.KEY_VALUE_PAIR[string,int] is not assignable to int
test.ghul: 5,13..5,51: error: Ghul.Exception is not assignable to int
test.ghul: 6,13..6,64: error: Ghul.InvalidOperationException is not assignable to int
test.ghul: 7,13..7,58: error: Text.STRING_BUILDER is not assignable to string
test.ghul: 8,13..8,34: error: int is not assignable to Ghul.Math
test.ghul: 9,13..9,44: error: Ghul.RANDOM is not assignable to bool
