test.ghul: 13,29..13,44: error: cannot infer type here
test.ghul: 13,29..13,44: error: no static overload found for plain((int, int)[], ((int, int), ***) -> *** pure), tried plain[T,U](source: T{}, f: T -> U) -> U{}
test.ghul: 13,33..13,34: error: cannot infer the type of b [b is needed here: test.ghul: 13,41..13,42]
