disposed top level
top level: 5
disposed statement
after the statement
statement: 5
disposed argument
argument: 6
disposed block
block: 6
disposed second
disposed first
several: 10
disposed thrown past
caught: failed with 5
exception: 0
disposed expression body
expression body: 5
reading 5
disposed void body
disposed async
after the await
async: 5
disposed before the first yield
disposed after it
generator: 5, 6
disposed literal
literal: 6
first line: ALPHA
the file is closed
