(module
  (rec
    (type (;0;) (struct (field i32) (field i32) (field (ref null 0))))
    (type (;1;) (sub (struct (field (ref 0)))))
  )
  (type (;2;) (func (param i32) (result i32)))
  (global (;0;) (ref 0) (i32.const 0 i32.const 0 ref.null 0 struct.new 0))
  (func $Test.fib (type 2)
    block
      block
        local.get 0
        i32.const 2
        i32.lt_s
        i32.eqz
        br_if 0
        local.get 0
        return
        br 1
      end
    end
    local.get 0
    i32.const 1
    i32.sub
    call $Test.fib
    local.get 0
    i32.const 2
    i32.sub
    call $Test.fib
    i32.add
    return
    i32.const 0
    return
  )
  (func $Test.odd_sum (type 2) (local i32) (local i32) (local i32)
    i32.const 0
    local.set 1
    i32.const 0
    local.set 2
    block
      loop
        i32.const 1
        i32.eqz
        br_if 1
        local.get 2
        i32.const 1
        i32.add
        local.set 2
        block
          block
            local.get 2
            local.get 0
            i32.gt_s
            i32.eqz
            br_if 0
            br 3
            br 1
          end
        end
        block
          block
            local.get 2
            i32.const 2
            i32.mul
            local.get 2
            local.get 2
            i32.add
            i32.eq
            i32.const 255
            i32.and
            local.set 3
            block
              local.get 3
              i32.eqz
              br_if 0
              local.get 2
              i32.const 4
              i32.eq
              i32.const 255
              i32.and
              local.set 3
            end
            local.get 3
            i32.eqz
            br_if 0
            br 2
            br 1
          end
        end
        local.get 1
        local.get 2
        i32.add
        local.set 1
        br 0
      end
    end
    local.get 1
    return
    i32.const 0
    return
  )
  (func $Test.sign (type 2)
    block (result i32)
      block
        local.get 0
        i32.const 0
        i32.lt_s
        i32.eqz
        br_if 0
        i32.const 0
        i32.const 1
        i32.sub
        br 1
      end
      block
        local.get 0
        i32.const 0
        i32.eq
        i32.eqz
        br_if 0
        i32.const 0
        br 1
      end
      block
        i32.const 1
        br 1
      end
      unreachable
    end
    return
    i32.const 0
    return
  )
)
